IDENTIFIER, "fst", {1, 1}
=, "=", {1, 5}
INTEGER, "0", {1, 7}
;, ";", {1, 8}
IDENTIFIER, "snd", {2, 1}
=, "=", {2, 5}
INTEGER, "1", {2, 7}
;, ";", {2, 8}
IDENTIFIER, "iters", {3, 1}
=, "=", {3, 7}
STDIN, "?", {3, 9}
;, ";", {3, 10}
WHILE, "while", {5, 1}
(, "(", {5, 7}
IDENTIFIER, "iters", {5, 8}
>, ">", {5, 14}
INTEGER, "0", {5, 16}
), ")", {5, 17}
{, "{", {5, 19}
IDENTIFIER, "tmp", {6, 3}
=, "=", {6, 7}
IDENTIFIER, "fst", {6, 9}
;, ";", {6, 12}
IDENTIFIER, "fst", {7, 3}
=, "=", {7, 7}
IDENTIFIER, "snd", {7, 9}
;, ";", {7, 12}
IDENTIFIER, "snd", {8, 3}
=, "=", {8, 7}
IDENTIFIER, "snd", {8, 9}
+, "+", {8, 13}
IDENTIFIER, "tmp", {8, 15}
;, ";", {8, 18}
IDENTIFIER, "iters", {9, 3}
=, "=", {9, 9}
IDENTIFIER, "iters", {9, 11}
-, "-", {9, 17}
INTEGER, "1", {9, 19}
;, ";", {9, 20}
}, "}", {10, 1}
PRINT, "print", {12, 1}
IDENTIFIER, "snd", {12, 7}
;, ";", {12, 10}
